ok 1 Firefox 60.0 - Framework Tests: /tests/framework-tests/core/html/Caching-test.html
ok 2 Firefox 60.0 - Framework Tests: /tests/framework-tests/core/html/DataBinding-test.html
ok 3 Firefox 60.0 - Framework Tests: /tests/framework-tests/core/html/DataSource-test.html
ok 4 Firefox 60.0 - Framework Tests: /tests/framework-tests/core/html/FluidDebugging-test.html
ok 5 Firefox 60.0 - Framework Tests: /tests/framework-tests/core/html/FluidDocument-test.html
ok 6 Firefox 60.0 - Framework Tests: /tests/framework-tests/core/html/FluidIoC-test.html
ok 7 Firefox 60.0 - Framework Tests: /tests/framework-tests/core/html/FluidIoCStandalone-test.html
ok 8 Firefox 60.0 - Framework Tests: /tests/framework-tests/core/html/FluidIoCView-test.html
ok 9 Firefox 60.0 - Framework Tests: /tests/framework-tests/core/html/FluidJS-test.html
ok 10 Firefox 60.0 - Framework Tests: /tests/framework-tests/core/html/FluidJSStandalone-test.html
ok 11 Firefox 60.0 - Framework Tests: /tests/framework-tests/core/html/FluidPromises-test.html
ok 12 Firefox 60.0 - Framework Tests: /tests/framework-tests/core/html/FluidRequests-test.html
ok 13 Firefox 60.0 - Framework Tests: /tests/framework-tests/core/html/FluidView-test.html
ok 14 Firefox 60.0 - Framework Tests: /tests/framework-tests/core/html/Keyboard-a11y-test.html
ok 15 Firefox 60.0 - Framework Tests: /tests/framework-tests/core/html/ModelTransformation-test.html
ok 16 Firefox 60.0 - Framework Tests: /tests/framework-tests/core/html/NewViewSupport-test.html
ok 17 Firefox 60.0 - Framework Tests: /tests/framework-tests/core/html/RemoteModel-test.html
ok 18 Firefox 60.0 - Framework Tests: /tests/framework-tests/core/html/ResourceLoader-test.html
ok 19 Firefox 60.0 - Framework Tests: /tests/framework-tests/core/html/WebWorker-test.html
ok 20 Firefox 60.0 - Framework Tests: /tests/framework-tests/enhancement/html/ContextAwareness-test.html
ok 21 Firefox 60.0 - Framework Tests: /tests/framework-tests/preferences/html/AuxBuilder-test.html
ok 22 Firefox 60.0 - Framework Tests: /tests/framework-tests/preferences/html/Builder-test.html
ok 23 Firefox 60.0 - Framework Tests: /tests/framework-tests/preferences/html/Enactors-test.html
ok 24 Firefox 60.0 - Framework Tests: /tests/framework-tests/preferences/html/FullNoPreviewPrefsEditor-test.html
ok 25 Firefox 60.0 - Framework Tests: /tests/framework-tests/preferences/html/FullPreviewPrefsEditor-test.html
ok 26 Firefox 60.0 - Framework Tests: /tests/framework-tests/preferences/html/PageEnhancer-test.html
ok 27 Firefox 60.0 - Framework Tests: /tests/framework-tests/preferences/html/Panels-test.html
ok 28 Firefox 60.0 - Framework Tests: /tests/framework-tests/preferences/html/PrefsEditor-test.html
ok 29 Firefox 60.0 - Framework Tests: /tests/framework-tests/preferences/html/PrimaryBuilder-test.html
ok 30 Firefox 60.0 - Framework Tests: /tests/framework-tests/preferences/html/SelfVoicingEnactor-test.html
ok 31 Firefox 60.0 - Framework Tests: /tests/framework-tests/preferences/html/SelfVoicingPanel-test.html
ok 32 Firefox 60.0 - Framework Tests: /tests/framework-tests/preferences/html/SeparatedPanelPrefsEditor-test.html
ok 33 Firefox 60.0 - Framework Tests: /tests/framework-tests/preferences/html/SeparatedPanelPrefsEditorResponsive-test.html
ok 34 Firefox 60.0 - Framework Tests: /tests/framework-tests/preferences/html/Store-test.html
ok 35 Firefox 60.0 - Framework Tests: /tests/framework-tests/preferences/html/UIEnhancer-test.html
ok 36 Firefox 60.0 - Framework Tests: /tests/framework-tests/preferences/html/URLUtilities-test.html
ok 37 Firefox 60.0 - Framework Tests: /tests/framework-tests/renderer/html/Renderer-test.html
ok 38 Firefox 60.0 - Framework Tests: /tests/framework-tests/renderer/html/RendererUtilities-test.html
ok 39 Firefox 60.0 - Testing Framework Tests: /tests/test-core/testTests/html/ConditionalTestUtils-test.html
ok 40 Firefox 60.0 - Testing Framework Tests: /tests/test-core/testTests/html/IoCTesting-test.html
ok 41 Firefox 60.0 - Testing Framework Tests: /tests/test-core/testTests/html/IoCTestingView-test.html
ok 42 Firefox 60.0 - Testing Framework Tests: /tests/test-core/testTests/html/jqUnit-test.html
ok 43 Firefox 60.0 - Component Tests: /tests/component-tests/inlineEdit/html/InlineEdit-test.html
ok 44 Firefox 60.0 - Component Tests: /tests/component-tests/orator/html/Orator-test.html
ok 45 Firefox 60.0 - Component Tests: /tests/component-tests/overviewPanel/html/OverviewPanel-test.html
ok 46 Firefox 60.0 - Component Tests: /tests/component-tests/pager/html/PagedTable-test.html
ok 47 Firefox 60.0 - Component Tests: /tests/component-tests/pager/html/Pager-test.html
ok 48 Firefox 60.0 - Component Tests: /tests/component-tests/progress/html/Progress-test.html
ok 49 Firefox 60.0 - Component Tests: /tests/component-tests/reorderer/html/AriaLabeller-test.html
ok 50 Firefox 60.0 - Component Tests: /tests/component-tests/reorderer/html/GeometricManager-test.html
ok 51 Firefox 60.0 - Component Tests: /tests/component-tests/reorderer/html/ImageReorderer-test.html
ok 52 Firefox 60.0 - Component Tests: /tests/component-tests/reorderer/html/LayoutReorderer-test.html
ok 53 Firefox 60.0 - Component Tests: /tests/component-tests/reorderer/html/NestedReorderer-test.html
ok 54 Firefox 60.0 - Component Tests: /tests/component-tests/reorderer/html/ReorderList-test.html
ok 55 Firefox 60.0 - Component Tests: /tests/component-tests/reorderer/html/Scheduler-test.html
ok 56 Firefox 60.0 - Component Tests: /tests/component-tests/slidingPanel/html/SlidingPanel-test.html
ok 57 Firefox 60.0 - Component Tests: /tests/component-tests/switch/html/Switch-test.html
ok 58 Firefox 60.0 - Component Tests: /tests/component-tests/tableOfContents/html/TableOfContents-test.html
ok 59 Firefox 60.0 - Component Tests: /tests/component-tests/tabs/html/Tabs-test.html
ok 60 Firefox 60.0 - Component Tests: /tests/component-tests/textToSpeech/html/TextToSpeech-test.html
ok 61 Firefox 60.0 - Component Tests: /tests/component-tests/textfieldControl/html/Textfield-test.html
ok 62 Firefox 60.0 - Component Tests: /tests/component-tests/textfieldControl/html/TextfieldSlider-test.html
ok 63 Firefox 60.0 - Component Tests: /tests/component-tests/textfieldControl/html/TextfieldStepper-test.html
ok 64 Firefox 60.0 - Component Tests: /tests/component-tests/tooltip/html/Tooltip-test.html
ok 65 Firefox 60.0 - Component Tests: /tests/component-tests/uiOptions/html/UIOptions-test.html
ok 66 Firefox 60.0 - Component Tests: /tests/component-tests/uploader/html/DemoUploadManager-test.html
ok 67 Firefox 60.0 - Component Tests: /tests/component-tests/uploader/html/ErrorPanel-test.html
ok 68 Firefox 60.0 - Component Tests: /tests/component-tests/uploader/html/FileQueue-test.html
ok 69 Firefox 60.0 - Component Tests: /tests/component-tests/uploader/html/FileQueueView-test.html
ok 70 Firefox 60.0 - Component Tests: /tests/component-tests/uploader/html/HTML5UploaderSupport-test.html
ok 71 Firefox 60.0 - Component Tests: /tests/component-tests/uploader/html/Uploader-test.html
ok 72 Firefox 60.0 - Component Tests: /tests/component-tests/uploader/html/UploaderCompatibility-test.html
ok 73 IE 11.0 - Framework Tests: /tests/framework-tests/core/html/Caching-test.html
ok 74 IE 11.0 - Framework Tests: /tests/framework-tests/core/html/DataBinding-test.html
ok 75 IE 11.0 - Framework Tests: /tests/framework-tests/core/html/DataSource-test.html
ok 76 IE 11.0 - Framework Tests: /tests/framework-tests/core/html/FluidDebugging-test.html
ok 77 IE 11.0 - Framework Tests: /tests/framework-tests/core/html/FluidDocument-test.html
ok 78 IE 11.0 - Framework Tests: /tests/framework-tests/core/html/FluidIoC-test.html
ok 79 IE 11.0 - Framework Tests: /tests/framework-tests/core/html/FluidIoCStandalone-test.html
ok 80 IE 11.0 - Framework Tests: /tests/framework-tests/core/html/FluidIoCView-test.html
ok 81 IE 11.0 - Framework Tests: /tests/framework-tests/core/html/FluidJS-test.html
ok 82 IE 11.0 - Framework Tests: /tests/framework-tests/core/html/FluidJSStandalone-test.html
ok 83 IE 11.0 - Framework Tests: /tests/framework-tests/core/html/FluidPromises-test.html
ok 84 IE 11.0 - Framework Tests: /tests/framework-tests/core/html/FluidRequests-test.html
ok 85 IE 11.0 - Framework Tests: /tests/framework-tests/core/html/FluidView-test.html
ok 86 IE 11.0 - Framework Tests: /tests/framework-tests/core/html/Keyboard-a11y-test.html
ok 87 IE 11.0 - Framework Tests: /tests/framework-tests/core/html/ModelTransformation-test.html
ok 88 IE 11.0 - Framework Tests: /tests/framework-tests/core/html/NewViewSupport-test.html
ok 89 IE 11.0 - Framework Tests: /tests/framework-tests/core/html/RemoteModel-test.html
ok 90 IE 11.0 - Framework Tests: /tests/framework-tests/core/html/ResourceLoader-test.html
ok 91 IE 11.0 - Framework Tests: /tests/framework-tests/core/html/WebWorker-test.html
ok 92 IE 11.0 - Framework Tests: /tests/framework-tests/enhancement/html/ContextAwareness-test.html
ok 93 IE 11.0 - Framework Tests: /tests/framework-tests/preferences/html/AuxBuilder-test.html
ok 94 IE 11.0 - Framework Tests: /tests/framework-tests/preferences/html/Builder-test.html
ok 95 IE 11.0 - Framework Tests: /tests/framework-tests/preferences/html/Enactors-test.html
ok 96 IE 11.0 - Framework Tests: /tests/framework-tests/preferences/html/FullNoPreviewPrefsEditor-test.html
ok 97 IE 11.0 - Framework Tests: /tests/framework-tests/preferences/html/FullPreviewPrefsEditor-test.html
ok 98 IE 11.0 - Framework Tests: /tests/framework-tests/preferences/html/PageEnhancer-test.html
ok 99 IE 11.0 - Framework Tests: /tests/framework-tests/preferences/html/Panels-test.html
ok 100 IE 11.0 - Framework Tests: /tests/framework-tests/preferences/html/PrefsEditor-test.html
ok 101 IE 11.0 - Framework Tests: /tests/framework-tests/preferences/html/PrimaryBuilder-test.html
ok 102 IE 11.0 - Framework Tests: /tests/framework-tests/preferences/html/SelfVoicingEnactor-test.html
ok 103 IE 11.0 - Framework Tests: /tests/framework-tests/preferences/html/SelfVoicingPanel-test.html
ok 104 IE 11.0 - Framework Tests: /tests/framework-tests/preferences/html/SeparatedPanelPrefsEditor-test.html
ok 105 IE 11.0 - Framework Tests: /tests/framework-tests/preferences/html/SeparatedPanelPrefsEditorResponsive-test.html
ok 106 IE 11.0 - Framework Tests: /tests/framework-tests/preferences/html/Store-test.html
ok 107 IE 11.0 - Framework Tests: /tests/framework-tests/preferences/html/UIEnhancer-test.html
ok 108 IE 11.0 - Framework Tests: /tests/framework-tests/preferences/html/URLUtilities-test.html
ok 109 IE 11.0 - Framework Tests: /tests/framework-tests/renderer/html/Renderer-test.html
ok 110 IE 11.0 - Framework Tests: /tests/framework-tests/renderer/html/RendererUtilities-test.html
ok 111 IE 11.0 - Testing Framework Tests: /tests/test-core/testTests/html/ConditionalTestUtils-test.html
ok 112 IE 11.0 - Testing Framework Tests: /tests/test-core/testTests/html/IoCTesting-test.html
ok 113 IE 11.0 - Testing Framework Tests: /tests/test-core/testTests/html/IoCTestingView-test.html
ok 114 IE 11.0 - Testing Framework Tests: /tests/test-core/testTests/html/jqUnit-test.html
ok 115 IE 11.0 - Component Tests: /tests/component-tests/inlineEdit/html/InlineEdit-test.html
ok 116 IE 11.0 - Component Tests: /tests/component-tests/orator/html/Orator-test.html
ok 117 IE 11.0 - Component Tests: /tests/component-tests/overviewPanel/html/OverviewPanel-test.html
ok 118 IE 11.0 - Component Tests: /tests/component-tests/pager/html/PagedTable-test.html
ok 119 IE 11.0 - Component Tests: /tests/component-tests/pager/html/Pager-test.html
ok 120 IE 11.0 - Component Tests: /tests/component-tests/progress/html/Progress-test.html
ok 121 IE 11.0 - Component Tests: /tests/component-tests/reorderer/html/AriaLabeller-test.html
ok 122 IE 11.0 - Component Tests: /tests/component-tests/reorderer/html/GeometricManager-test.html
ok 123 IE 11.0 - Component Tests: /tests/component-tests/reorderer/html/ImageReorderer-test.html
ok 124 IE 11.0 - Component Tests: /tests/component-tests/reorderer/html/LayoutReorderer-test.html
ok 125 IE 11.0 - Component Tests: /tests/component-tests/reorderer/html/NestedReorderer-test.html
ok 126 IE 11.0 - Component Tests: /tests/component-tests/reorderer/html/ReorderList-test.html
ok 127 IE 11.0 - Component Tests: /tests/component-tests/reorderer/html/Scheduler-test.html
ok 128 IE 11.0 - Component Tests: /tests/component-tests/slidingPanel/html/SlidingPanel-test.html
ok 129 IE 11.0 - Component Tests: /tests/component-tests/switch/html/Switch-test.html
ok 130 IE 11.0 - Component Tests: /tests/component-tests/tableOfContents/html/TableOfContents-test.html
ok 131 IE 11.0 - Component Tests: /tests/component-tests/tabs/html/Tabs-test.html
ok 132 IE 11.0 - Component Tests: /tests/component-tests/textToSpeech/html/TextToSpeech-test.html
ok 133 IE 11.0 - Component Tests: /tests/component-tests/textfieldControl/html/Textfield-test.html
ok 134 IE 11.0 - Component Tests: /tests/component-tests/textfieldControl/html/TextfieldSlider-test.html
ok 135 IE 11.0 - Component Tests: /tests/component-tests/textfieldControl/html/TextfieldStepper-test.html
ok 136 IE 11.0 - Component Tests: /tests/component-tests/tooltip/html/Tooltip-test.html
ok 137 IE 11.0 - Component Tests: /tests/component-tests/uiOptions/html/UIOptions-test.html
ok 138 IE 11.0 - Component Tests: /tests/component-tests/uploader/html/DemoUploadManager-test.html
ok 139 IE 11.0 - Component Tests: /tests/component-tests/uploader/html/ErrorPanel-test.html
ok 140 IE 11.0 - Component Tests: /tests/component-tests/uploader/html/FileQueue-test.html
ok 141 IE 11.0 - Component Tests: /tests/component-tests/uploader/html/FileQueueView-test.html
ok 142 IE 11.0 - Component Tests: /tests/component-tests/uploader/html/HTML5UploaderSupport-test.html
ok 143 IE 11.0 - Component Tests: /tests/component-tests/uploader/html/Uploader-test.html
ok 144 IE 11.0 - Component Tests: /tests/component-tests/uploader/html/UploaderCompatibility-test.html
ok 145 Chrome 67.0 - Framework Tests: /tests/framework-tests/core/html/Caching-test.html
ok 146 Chrome 67.0 - Framework Tests: /tests/framework-tests/core/html/DataBinding-test.html
ok 147 Chrome 67.0 - Framework Tests: /tests/framework-tests/core/html/DataSource-test.html
ok 148 Chrome 67.0 - Framework Tests: /tests/framework-tests/core/html/FluidDebugging-test.html
ok 149 Chrome 67.0 - Framework Tests: /tests/framework-tests/core/html/FluidDocument-test.html
ok 150 Chrome 67.0 - Framework Tests: /tests/framework-tests/core/html/FluidIoC-test.html
ok 151 Chrome 67.0 - Framework Tests: /tests/framework-tests/core/html/FluidIoCStandalone-test.html
ok 152 Chrome 67.0 - Framework Tests: /tests/framework-tests/core/html/FluidIoCView-test.html
ok 153 Chrome 67.0 - Framework Tests: /tests/framework-tests/core/html/FluidJS-test.html
ok 154 Chrome 67.0 - Framework Tests: /tests/framework-tests/core/html/FluidJSStandalone-test.html
ok 155 Chrome 67.0 - Framework Tests: /tests/framework-tests/core/html/FluidPromises-test.html
ok 156 Chrome 67.0 - Framework Tests: /tests/framework-tests/core/html/FluidRequests-test.html
ok 157 Chrome 67.0 - Framework Tests: /tests/framework-tests/core/html/FluidView-test.html
ok 158 Chrome 67.0 - Framework Tests: /tests/framework-tests/core/html/Keyboard-a11y-test.html
ok 159 Chrome 67.0 - Framework Tests: /tests/framework-tests/core/html/ModelTransformation-test.html
ok 160 Chrome 67.0 - Framework Tests: /tests/framework-tests/core/html/NewViewSupport-test.html
ok 161 Chrome 67.0 - Framework Tests: /tests/framework-tests/core/html/RemoteModel-test.html
ok 162 Chrome 67.0 - Framework Tests: /tests/framework-tests/core/html/ResourceLoader-test.html
ok 163 Chrome 67.0 - Framework Tests: /tests/framework-tests/core/html/WebWorker-test.html
ok 164 Chrome 67.0 - Framework Tests: /tests/framework-tests/enhancement/html/ContextAwareness-test.html
ok 165 Chrome 67.0 - Framework Tests: /tests/framework-tests/preferences/html/AuxBuilder-test.html
ok 166 Chrome 67.0 - Framework Tests: /tests/framework-tests/preferences/html/Builder-test.html
ok 167 Chrome 67.0 - Framework Tests: /tests/framework-tests/preferences/html/Enactors-test.html
ok 168 Chrome 67.0 - Framework Tests: /tests/framework-tests/preferences/html/FullNoPreviewPrefsEditor-test.html
ok 169 Chrome 67.0 - Framework Tests: /tests/framework-tests/preferences/html/FullPreviewPrefsEditor-test.html
ok 170 Chrome 67.0 - Framework Tests: /tests/framework-tests/preferences/html/PageEnhancer-test.html
ok 171 Chrome 67.0 - Framework Tests: /tests/framework-tests/preferences/html/Panels-test.html
ok 172 Chrome 67.0 - Framework Tests: /tests/framework-tests/preferences/html/PrefsEditor-test.html
ok 173 Chrome 67.0 - Framework Tests: /tests/framework-tests/preferences/html/PrimaryBuilder-test.html
ok 174 Chrome 67.0 - Framework Tests: /tests/framework-tests/preferences/html/SelfVoicingEnactor-test.html
ok 175 Chrome 67.0 - Framework Tests: /tests/framework-tests/preferences/html/SelfVoicingPanel-test.html
ok 176 Chrome 67.0 - Framework Tests: /tests/framework-tests/preferences/html/SeparatedPanelPrefsEditor-test.html
ok 177 Chrome 67.0 - Framework Tests: /tests/framework-tests/preferences/html/SeparatedPanelPrefsEditorResponsive-test.html
ok 178 Chrome 67.0 - Framework Tests: /tests/framework-tests/preferences/html/Store-test.html
ok 179 Chrome 67.0 - Framework Tests: /tests/framework-tests/preferences/html/UIEnhancer-test.html
ok 180 Chrome 67.0 - Framework Tests: /tests/framework-tests/preferences/html/URLUtilities-test.html
ok 181 Chrome 67.0 - Framework Tests: /tests/framework-tests/renderer/html/Renderer-test.html
ok 182 Chrome 67.0 - Framework Tests: /tests/framework-tests/renderer/html/RendererUtilities-test.html
ok 183 Chrome 67.0 - Testing Framework Tests: /tests/test-core/testTests/html/ConditionalTestUtils-test.html
ok 184 Chrome 67.0 - Testing Framework Tests: /tests/test-core/testTests/html/IoCTesting-test.html
ok 185 Chrome 67.0 - Testing Framework Tests: /tests/test-core/testTests/html/IoCTestingView-test.html
ok 186 Chrome 67.0 - Testing Framework Tests: /tests/test-core/testTests/html/jqUnit-test.html
ok 187 Chrome 67.0 - Component Tests: /tests/component-tests/inlineEdit/html/InlineEdit-test.html
ok 188 Chrome 67.0 - Component Tests: /tests/component-tests/orator/html/Orator-test.html
ok 189 Chrome 67.0 - Component Tests: /tests/component-tests/overviewPanel/html/OverviewPanel-test.html
ok 190 Chrome 67.0 - Component Tests: /tests/component-tests/pager/html/PagedTable-test.html
ok 191 Chrome 67.0 - Component Tests: /tests/component-tests/pager/html/Pager-test.html
ok 192 Chrome 67.0 - Component Tests: /tests/component-tests/progress/html/Progress-test.html
ok 193 Chrome 67.0 - Component Tests: /tests/component-tests/reorderer/html/AriaLabeller-test.html
ok 194 Chrome 67.0 - Component Tests: /tests/component-tests/reorderer/html/GeometricManager-test.html
ok 195 Chrome 67.0 - Component Tests: /tests/component-tests/reorderer/html/ImageReorderer-test.html
ok 196 Chrome 67.0 - Component Tests: /tests/component-tests/reorderer/html/LayoutReorderer-test.html
ok 197 Chrome 67.0 - Component Tests: /tests/component-tests/reorderer/html/NestedReorderer-test.html
ok 198 Chrome 67.0 - Component Tests: /tests/component-tests/reorderer/html/ReorderList-test.html
ok 199 Chrome 67.0 - Component Tests: /tests/component-tests/reorderer/html/Scheduler-test.html
ok 200 Chrome 67.0 - Component Tests: /tests/component-tests/slidingPanel/html/SlidingPanel-test.html
ok 201 Chrome 67.0 - Component Tests: /tests/component-tests/switch/html/Switch-test.html
ok 202 Chrome 67.0 - Component Tests: /tests/component-tests/tableOfContents/html/TableOfContents-test.html
ok 203 Chrome 67.0 - Component Tests: /tests/component-tests/tabs/html/Tabs-test.html
ok 204 Chrome 67.0 - Component Tests: /tests/component-tests/textToSpeech/html/TextToSpeech-test.html
ok 205 Chrome 67.0 - Component Tests: /tests/component-tests/textfieldControl/html/Textfield-test.html
ok 206 Chrome 67.0 - Component Tests: /tests/component-tests/textfieldControl/html/TextfieldSlider-test.html
ok 207 Chrome 67.0 - Component Tests: /tests/component-tests/textfieldControl/html/TextfieldStepper-test.html
ok 208 Chrome 67.0 - Component Tests: /tests/component-tests/tooltip/html/Tooltip-test.html
ok 209 Chrome 67.0 - Component Tests: /tests/component-tests/uiOptions/html/UIOptions-test.html
ok 210 Chrome 67.0 - Component Tests: /tests/component-tests/uploader/html/DemoUploadManager-test.html
ok 211 Chrome 67.0 - Component Tests: /tests/component-tests/uploader/html/ErrorPanel-test.html
ok 212 Chrome 67.0 - Component Tests: /tests/component-tests/uploader/html/FileQueue-test.html
ok 213 Chrome 67.0 - Component Tests: /tests/component-tests/uploader/html/FileQueueView-test.html
ok 214 Chrome 67.0 - Component Tests: /tests/component-tests/uploader/html/HTML5UploaderSupport-test.html
ok 215 Chrome 67.0 - Component Tests: /tests/component-tests/uploader/html/Uploader-test.html
ok 216 Chrome 67.0 - Component Tests: /tests/component-tests/uploader/html/UploaderCompatibility-test.html

1..216
# tests 216
# pass  216
# skip  0
# fail  0

# ok
